// Jest Snapshot v1, https://goo.gl/fbAQLP

exports[`<Button  /> should match snapshot 1`] = `
<button
  class="css-55euh5-Button"
>
  Button
</button>
`;
