// Jest Snapshot v1, https://goo.gl/fbAQLP

exports[`<BannerTitle  /> should match snapshot 1`] = `
<span
  class="css-1hbbhby-Text"
>
  BANNER TEXT
</span>
`;
