// Jest Snapshot v1, https://goo.gl/fbAQLP

exports[`<Input  /> should match snapshot 1`] = `
<div
  class="css-15kt1z8-Input"
>
  <input
    class="css-1t58lvd-Input"
    value="value"
  />
</div>
`;
