// Jest Snapshot v1, https://goo.gl/fbAQLP

exports[`<FormattedNumber  /> should match snapshot 1`] = `12,345`;
